// Jest Snapshot v1, https://goo.gl/fbAQLP

exports[`View renders correctly 1`] = `
<View
  style={
    Object {
      "alignItems": "center",
      "flex": 1,
      "margin": 40,
      "paddingLeft": 10,
      "paddingRight": 10,
    }
  }
/>
`;
